fatal: could not read Username for 'https://github.com': No such device or address
fatal: could not read Username for 'https://github.com': No such device or address
fatal: could not read Username for 'https://github.com': No such device or address
fatal: could not read Username for 'https://github.com': No such device or address
fatal: could not read Username for 'https://github.com': No such device or address
fatal: could not read Username for 'https://github.com': No such device or address
fatal: could not read Username for 'https://github.com': No such device or address
fatal: could not read Username for 'https://github.com': No such device or address
fatal: could not read Username for 'https://github.com': No such device or address
fatal: could not read Username for 'https://github.com': No such device or address
fatal: could not read Username for 'https://github.com': No such device or address
fatal: could not read Username for 'https://github.com': No such device or address
fatal: could not read Username for 'https://github.com': No such device or address
fatal: could not read Username for 'https://github.com': No such device or address
fatal: could not read Username for 'https://github.com': No such device or address
fatal: could not read Username for 'https://github.com': No such device or address
fatal: could not read Username for 'https://github.com': No such device or address
fatal: could not read Username for 'https://github.com': No such device or address
fatal: could not read Username for 'https://github.com': No such device or address
To github.com:babak604/quant_trading_bot.git
 ! [rejected]          main -> main (non-fast-forward)
error: failed to push some refs to 'github.com:babak604/quant_trading_bot.git'
hint: Updates were rejected because a pushed branch tip is behind its remote
hint: counterpart. If you want to integrate the remote changes, use 'git pull'
hint: before pushing again.
hint: See the 'Note about fast-forwards' in 'git push --help' for details.
To github.com:babak604/quant_trading_bot.git
 ! [rejected]          main -> main (non-fast-forward)
error: failed to push some refs to 'github.com:babak604/quant_trading_bot.git'
hint: Updates were rejected because a pushed branch tip is behind its remote
hint: counterpart. If you want to integrate the remote changes, use 'git pull'
hint: before pushing again.
hint: See the 'Note about fast-forwards' in 'git push --help' for details.
To github.com:babak604/quant_trading_bot.git
 ! [rejected]          main -> main (non-fast-forward)
error: failed to push some refs to 'github.com:babak604/quant_trading_bot.git'
hint: Updates were rejected because a pushed branch tip is behind its remote
hint: counterpart. If you want to integrate the remote changes, use 'git pull'
hint: before pushing again.
hint: See the 'Note about fast-forwards' in 'git push --help' for details.
To github.com:babak604/quant_trading_bot.git
 ! [rejected]          main -> main (non-fast-forward)
error: failed to push some refs to 'github.com:babak604/quant_trading_bot.git'
hint: Updates were rejected because a pushed branch tip is behind its remote
hint: counterpart. If you want to integrate the remote changes, use 'git pull'
hint: before pushing again.
hint: See the 'Note about fast-forwards' in 'git push --help' for details.
To github.com:babak604/quant_trading_bot.git
 ! [rejected]          main -> main (non-fast-forward)
error: failed to push some refs to 'github.com:babak604/quant_trading_bot.git'
hint: Updates were rejected because a pushed branch tip is behind its remote
hint: counterpart. If you want to integrate the remote changes, use 'git pull'
hint: before pushing again.
hint: See the 'Note about fast-forwards' in 'git push --help' for details.
