2026-08-21 12:27:37,692 [INFO] Keeper Address: 0xdf953218A73E7d804AdBc631034098990eB26B94
2026-08-21 12:27:37,693 [INFO] Current ETH Balance: 0.000714 ETH
2026-08-21 12:27:37,693 [INFO] [PASS] Keeper balance is healthy (>= 0.0005 ETH).
2026-08-21 13:00:04,581 [INFO] Keeper Address: 0xdf953218A73E7d804AdBc631034098990eB26B94
2026-08-21 13:00:04,585 [INFO] Current ETH Balance: 0.000714 ETH
2026-08-21 13:00:04,585 [INFO] [PASS] Keeper balance is healthy (>= 0.0005 ETH).
2026-08-21 14:00:03,810 [INFO] Keeper Address: 0xdf953218A73E7d804AdBc631034098990eB26B94
2026-08-21 14:00:03,817 [INFO] Current ETH Balance: 0.000714 ETH
2026-08-21 14:00:03,817 [INFO] [PASS] Keeper balance is healthy (>= 0.0005 ETH).
2026-08-21 15:00:04,074 [INFO] Keeper Address: 0xdf953218A73E7d804AdBc631034098990eB26B94
2026-08-21 15:00:04,076 [INFO] Current ETH Balance: 0.000714 ETH
2026-08-21 15:00:04,076 [INFO] [PASS] Keeper balance is healthy (>= 0.0005 ETH).
2026-08-21 16:00:04,243 [INFO] Keeper Address: 0xdf953218A73E7d804AdBc631034098990eB26B94
2026-08-21 16:00:04,248 [INFO] Current ETH Balance: 0.000714 ETH
2026-08-21 16:00:04,248 [INFO] [PASS] Keeper balance is healthy (>= 0.0005 ETH).
2026-08-21 17:00:02,999 [INFO] Keeper Address: 0xdf953218A73E7d804AdBc631034098990eB26B94
2026-08-21 17:00:02,999 [INFO] Current ETH Balance: 0.000714 ETH
2026-08-21 17:00:02,999 [INFO] [PASS] Keeper balance is healthy (>= 0.0005 ETH).
2026-08-23 13:00:05,807 [INFO] Keeper Address: 0xdf953218A73E7d804AdBc631034098990eB26B94
2026-08-23 13:00:05,809 [INFO] Current ETH Balance: 0.000013 ETH
2026-08-23 13:00:05,809 [WARNING] 🚨 CRITICAL LOW BALANCE WARNING 🚨
Keeper 0xdf953218A73E7d804AdBc631034098990eB26B94 balance is 0.000013 ETH!
Below safety threshold of 0.0005 ETH. Refund required.
2026-08-23 14:00:03,943 [INFO] Keeper Address: 0xdf953218A73E7d804AdBc631034098990eB26B94
2026-08-23 14:00:03,944 [INFO] Current ETH Balance: 0.000013 ETH
2026-08-23 14:00:03,944 [WARNING] 🚨 CRITICAL LOW BALANCE WARNING 🚨
Keeper 0xdf953218A73E7d804AdBc631034098990eB26B94 balance is 0.000013 ETH!
Below safety threshold of 0.0005 ETH. Refund required.
2026-08-23 15:00:08,424 [INFO] Keeper Address: 0xdf953218A73E7d804AdBc631034098990eB26B94
2026-08-23 15:00:08,425 [INFO] Current ETH Balance: 0.000013 ETH
2026-08-23 15:00:08,425 [WARNING] 🚨 CRITICAL LOW BALANCE WARNING 🚨
Keeper 0xdf953218A73E7d804AdBc631034098990eB26B94 balance is 0.000013 ETH!
Below safety threshold of 0.0005 ETH. Refund required.
2026-08-23 16:00:06,758 [INFO] Keeper Address: 0xdf953218A73E7d804AdBc631034098990eB26B94
2026-08-23 16:00:06,759 [INFO] Current ETH Balance: 0.000013 ETH
2026-08-23 16:00:06,759 [WARNING] 🚨 CRITICAL LOW BALANCE WARNING 🚨
Keeper 0xdf953218A73E7d804AdBc631034098990eB26B94 balance is 0.000013 ETH!
Below safety threshold of 0.0005 ETH. Refund required.
2026-08-23 17:00:03,510 [INFO] Keeper Address: 0xdf953218A73E7d804AdBc631034098990eB26B94
2026-08-23 17:00:03,510 [INFO] Current ETH Balance: 0.000013 ETH
2026-08-23 17:00:03,510 [WARNING] 🚨 CRITICAL LOW BALANCE WARNING 🚨
Keeper 0xdf953218A73E7d804AdBc631034098990eB26B94 balance is 0.000013 ETH!
Below safety threshold of 0.0005 ETH. Refund required.
2026-08-23 18:00:03,567 [INFO] Keeper Address: 0xdf953218A73E7d804AdBc631034098990eB26B94
2026-08-23 18:00:03,568 [INFO] Current ETH Balance: 0.000013 ETH
2026-08-23 18:00:03,568 [WARNING] 🚨 CRITICAL LOW BALANCE WARNING 🚨
Keeper 0xdf953218A73E7d804AdBc631034098990eB26B94 balance is 0.000013 ETH!
Below safety threshold of 0.0005 ETH. Refund required.
2026-08-23 21:00:04,797 [INFO] Keeper Address: 0xdf953218A73E7d804AdBc631034098990eB26B94
2026-08-23 21:00:04,797 [INFO] Current ETH Balance: 0.000013 ETH
2026-08-23 21:00:04,797 [WARNING] 🚨 CRITICAL LOW BALANCE WARNING 🚨
Keeper 0xdf953218A73E7d804AdBc631034098990eB26B94 balance is 0.000013 ETH!
Below safety threshold of 0.0005 ETH. Refund required.
2026-08-23 22:00:04,351 [INFO] Keeper Address: 0xdf953218A73E7d804AdBc631034098990eB26B94
2026-08-23 22:00:04,351 [INFO] Current ETH Balance: 0.005787 ETH
2026-08-23 22:00:04,351 [INFO] [PASS] Keeper balance is healthy (>= 0.0005 ETH).
2026-08-23 23:00:04,164 [INFO] Keeper Address: 0xdf953218A73E7d804AdBc631034098990eB26B94
2026-08-23 23:00:04,164 [INFO] Current ETH Balance: 0.005787 ETH
2026-08-23 23:00:04,164 [INFO] [PASS] Keeper balance is healthy (>= 0.0005 ETH).
2026-08-24 09:00:03,312 [INFO] Keeper Address: 0xdf953218A73E7d804AdBc631034098990eB26B94
2026-08-24 09:00:03,313 [INFO] Current ETH Balance: 0.005787 ETH
2026-08-24 09:00:03,313 [INFO] [PASS] Keeper balance is healthy (>= 0.0005 ETH).
2026-08-24 10:00:03,065 [INFO] Keeper Address: 0xdf953218A73E7d804AdBc631034098990eB26B94
2026-08-24 10:00:03,065 [INFO] Current ETH Balance: 0.005787 ETH
2026-08-24 10:00:03,065 [INFO] [PASS] Keeper balance is healthy (>= 0.0005 ETH).
2026-08-24 11:00:02,622 [INFO] Keeper Address: 0xdf953218A73E7d804AdBc631034098990eB26B94
2026-08-24 11:00:02,622 [INFO] Current ETH Balance: 0.005787 ETH
2026-08-24 11:00:02,622 [INFO] [PASS] Keeper balance is healthy (>= 0.0005 ETH).
2026-08-24 12:00:02,237 [INFO] Keeper Address: 0xdf953218A73E7d804AdBc631034098990eB26B94
2026-08-24 12:00:02,238 [INFO] Current ETH Balance: 0.005787 ETH
2026-08-24 12:00:02,238 [INFO] [PASS] Keeper balance is healthy (>= 0.0005 ETH).
2026-08-24 20:00:01,348 [INFO] Keeper Address: 0xdf953218A73E7d804AdBc631034098990eB26B94
2026-08-24 20:00:01,350 [INFO] Current ETH Balance: 0.005787 ETH
2026-08-24 20:00:01,350 [INFO] [PASS] Keeper balance is healthy (>= 0.0005 ETH).
2026-08-24 21:00:03,728 [INFO] Keeper Address: 0xdf953218A73E7d804AdBc631034098990eB26B94
2026-08-24 21:00:03,728 [INFO] Current ETH Balance: 0.005787 ETH
2026-08-24 21:00:03,729 [INFO] [PASS] Keeper balance is healthy (>= 0.0005 ETH).
2026-08-24 22:00:03,169 [INFO] Keeper Address: 0xdf953218A73E7d804AdBc631034098990eB26B94
2026-08-24 22:00:03,170 [INFO] Current ETH Balance: 0.005787 ETH
2026-08-24 22:00:03,170 [INFO] [PASS] Keeper balance is healthy (>= 0.0005 ETH).
2026-08-24 23:00:03,998 [INFO] Keeper Address: 0xdf953218A73E7d804AdBc631034098990eB26B94
2026-08-24 23:00:03,999 [INFO] Current ETH Balance: 0.005787 ETH
2026-08-24 23:00:03,999 [INFO] [PASS] Keeper balance is healthy (>= 0.0005 ETH).
2026-08-25 08:00:04,345 [INFO] Keeper Address: 0xdf953218A73E7d804AdBc631034098990eB26B94
2026-08-25 08:00:04,347 [INFO] Current ETH Balance: 0.005787 ETH
2026-08-25 08:00:04,347 [INFO] [PASS] Keeper balance is healthy (>= 0.0005 ETH).
2026-08-25 09:00:03,249 [INFO] Keeper Address: 0xdf953218A73E7d804AdBc631034098990eB26B94
2026-08-25 09:00:03,250 [INFO] Current ETH Balance: 0.005787 ETH
2026-08-25 09:00:03,250 [INFO] [PASS] Keeper balance is healthy (>= 0.0005 ETH).
2026-08-25 10:00:03,530 [INFO] Keeper Address: 0xdf953218A73E7d804AdBc631034098990eB26B94
2026-08-25 10:00:03,530 [INFO] Current ETH Balance: 0.005787 ETH
2026-08-25 10:00:03,530 [INFO] [PASS] Keeper balance is healthy (>= 0.0005 ETH).
2026-08-25 11:00:03,006 [INFO] Keeper Address: 0xdf953218A73E7d804AdBc631034098990eB26B94
2026-08-25 11:00:03,006 [INFO] Current ETH Balance: 0.005787 ETH
2026-08-25 11:00:03,006 [INFO] [PASS] Keeper balance is healthy (>= 0.0005 ETH).
2026-08-25 12:00:02,477 [INFO] Keeper Address: 0xdf953218A73E7d804AdBc631034098990eB26B94
2026-08-25 12:00:02,478 [INFO] Current ETH Balance: 0.005787 ETH
2026-08-25 12:00:02,478 [INFO] [PASS] Keeper balance is healthy (>= 0.0005 ETH).
2026-08-25 13:00:02,754 [INFO] Keeper Address: 0xdf953218A73E7d804AdBc631034098990eB26B94
2026-08-25 13:00:02,754 [INFO] Current ETH Balance: 0.005787 ETH
2026-08-25 13:00:02,754 [INFO] [PASS] Keeper balance is healthy (>= 0.0005 ETH).
2026-08-25 14:00:02,725 [INFO] Keeper Address: 0xdf953218A73E7d804AdBc631034098990eB26B94
2026-08-25 14:00:02,725 [INFO] Current ETH Balance: 0.005787 ETH
2026-08-25 14:00:02,725 [INFO] [PASS] Keeper balance is healthy (>= 0.0005 ETH).
2026-08-25 18:00:02,556 [INFO] Keeper Address: 0xdf953218A73E7d804AdBc631034098990eB26B94
2026-08-25 18:00:02,557 [INFO] Current ETH Balance: 0.005787 ETH
2026-08-25 18:00:02,557 [INFO] [PASS] Keeper balance is healthy (>= 0.0005 ETH).
2026-08-25 19:00:02,892 [INFO] Keeper Address: 0xdf953218A73E7d804AdBc631034098990eB26B94
2026-08-25 19:00:02,893 [INFO] Current ETH Balance: 0.005787 ETH
2026-08-25 19:00:02,893 [INFO] [PASS] Keeper balance is healthy (>= 0.0005 ETH).
2026-08-25 20:00:03,121 [INFO] Keeper Address: 0xdf953218A73E7d804AdBc631034098990eB26B94
2026-08-25 20:00:03,121 [INFO] Current ETH Balance: 0.005787 ETH
2026-08-25 20:00:03,121 [INFO] [PASS] Keeper balance is healthy (>= 0.0005 ETH).
2026-08-25 21:00:03,072 [INFO] Keeper Address: 0xdf953218A73E7d804AdBc631034098990eB26B94
2026-08-25 21:00:03,072 [INFO] Current ETH Balance: 0.005787 ETH
2026-08-25 21:00:03,072 [INFO] [PASS] Keeper balance is healthy (>= 0.0005 ETH).
2026-08-25 22:00:02,127 [ERROR] Missing ARBITRUM_RPC_URL or KEEPER_ADDRESS in .env.mainnet
2026-08-28 09:00:02,823 [ERROR] Missing ARBITRUM_RPC_URL or KEEPER_ADDRESS in .env.mainnet
