nohup: ignoring input
2026-08-24 11:06:02.103 Uvicorn server started on :::8501

  You can now view your Streamlit app in your browser.

  Local URL: http://localhost:8501
  Network URL: http://172.17.92.98:8501
  External URL: http://69.158.139.8:8501

  Detected WSL. Using poll-based file watching for better compatibility. To force watchdog, set server.fileWatcherType = "watchdog".
2026-08-24 11:07:25.606 Please replace `use_container_width` with `width`.

`use_container_width` will be removed after 2025-12-31.

For `use_container_width=True`, use `width='stretch'`. For `use_container_width=False`, use `width='content'`.
2026-08-24 11:07:25.628 Serialization of dataframe to Arrow table was unsuccessful. Applying automatic fixes for column types to make the dataframe Arrow-compatible.
Traceback (most recent call last):
  File "/home/ubuntu/quant_trading_bot/venv/lib/python3.12/site-packages/streamlit/dataframe_util.py", line 940, in convert_pandas_df_to_arrow_table
    return pa.Table.from_pandas(df, preserve_index=preserve_index)
           ^^^^^^^^^^^^^^^^^^^^^^^^^^^^^^^^^^^^^^^^^^^^^^^^^^^^^^^
  File "pyarrow/table.pxi", line 4768, in pyarrow.lib.Table.from_pandas
  File "/home/ubuntu/quant_trading_bot/venv/lib/python3.12/site-packages/pyarrow/pandas_compat.py", line 651, in dataframe_to_arrays
    arrays = [convert_column(c, f)
              ^^^^^^^^^^^^^^^^^^^^
  File "/home/ubuntu/quant_trading_bot/venv/lib/python3.12/site-packages/pyarrow/pandas_compat.py", line 639, in convert_column
    raise e
  File "/home/ubuntu/quant_trading_bot/venv/lib/python3.12/site-packages/pyarrow/pandas_compat.py", line 633, in convert_column
    result = pa.array(col, type=type_, from_pandas=True, safe=safe)
             ^^^^^^^^^^^^^^^^^^^^^^^^^^^^^^^^^^^^^^^^^^^^^^^^^^^^^^
  File "pyarrow/array.pxi", line 390, in pyarrow.lib.array
  File "pyarrow/array.pxi", line 91, in pyarrow.lib._ndarray_to_array
  File "pyarrow/error.pxi", line 92, in pyarrow.lib.check_status
pyarrow.lib.ArrowInvalid: ("Could not convert '2026-08-23 19:33:10' with type str: tried to convert to int64", 'Conversion failed for column timestamp with type object')
2026-08-24 11:27:30.366 Please replace `use_container_width` with `width`.

`use_container_width` will be removed after 2025-12-31.

For `use_container_width=True`, use `width='stretch'`. For `use_container_width=False`, use `width='content'`.
2026-08-24 11:27:30.369 Serialization of dataframe to Arrow table was unsuccessful. Applying automatic fixes for column types to make the dataframe Arrow-compatible.
Traceback (most recent call last):
  File "/home/ubuntu/quant_trading_bot/venv/lib/python3.12/site-packages/streamlit/dataframe_util.py", line 940, in convert_pandas_df_to_arrow_table
    return pa.Table.from_pandas(df, preserve_index=preserve_index)
           ^^^^^^^^^^^^^^^^^^^^^^^^^^^^^^^^^^^^^^^^^^^^^^^^^^^^^^^
  File "pyarrow/table.pxi", line 4768, in pyarrow.lib.Table.from_pandas
  File "/home/ubuntu/quant_trading_bot/venv/lib/python3.12/site-packages/pyarrow/pandas_compat.py", line 651, in dataframe_to_arrays
    arrays = [convert_column(c, f)
              ^^^^^^^^^^^^^^^^^^^^
  File "/home/ubuntu/quant_trading_bot/venv/lib/python3.12/site-packages/pyarrow/pandas_compat.py", line 639, in convert_column
    raise e
  File "/home/ubuntu/quant_trading_bot/venv/lib/python3.12/site-packages/pyarrow/pandas_compat.py", line 633, in convert_column
    result = pa.array(col, type=type_, from_pandas=True, safe=safe)
             ^^^^^^^^^^^^^^^^^^^^^^^^^^^^^^^^^^^^^^^^^^^^^^^^^^^^^^
  File "pyarrow/array.pxi", line 390, in pyarrow.lib.array
  File "pyarrow/array.pxi", line 91, in pyarrow.lib._ndarray_to_array
  File "pyarrow/error.pxi", line 92, in pyarrow.lib.check_status
pyarrow.lib.ArrowInvalid: ("Could not convert '2026-08-23 19:33:10' with type str: tried to convert to int64", 'Conversion failed for column timestamp with type object')
2026-08-24 15:33:44.585 Please replace `use_container_width` with `width`.

`use_container_width` will be removed after 2025-12-31.

For `use_container_width=True`, use `width='stretch'`. For `use_container_width=False`, use `width='content'`.
2026-08-24 15:33:44.607 Serialization of dataframe to Arrow table was unsuccessful. Applying automatic fixes for column types to make the dataframe Arrow-compatible.
Traceback (most recent call last):
  File "/home/ubuntu/quant_trading_bot/venv/lib/python3.12/site-packages/streamlit/dataframe_util.py", line 940, in convert_pandas_df_to_arrow_table
    return pa.Table.from_pandas(df, preserve_index=preserve_index)
           ^^^^^^^^^^^^^^^^^^^^^^^^^^^^^^^^^^^^^^^^^^^^^^^^^^^^^^^
  File "pyarrow/table.pxi", line 4768, in pyarrow.lib.Table.from_pandas
  File "/home/ubuntu/quant_trading_bot/venv/lib/python3.12/site-packages/pyarrow/pandas_compat.py", line 651, in dataframe_to_arrays
    arrays = [convert_column(c, f)
              ^^^^^^^^^^^^^^^^^^^^
  File "/home/ubuntu/quant_trading_bot/venv/lib/python3.12/site-packages/pyarrow/pandas_compat.py", line 639, in convert_column
    raise e
  File "/home/ubuntu/quant_trading_bot/venv/lib/python3.12/site-packages/pyarrow/pandas_compat.py", line 633, in convert_column
    result = pa.array(col, type=type_, from_pandas=True, safe=safe)
             ^^^^^^^^^^^^^^^^^^^^^^^^^^^^^^^^^^^^^^^^^^^^^^^^^^^^^^
  File "pyarrow/array.pxi", line 390, in pyarrow.lib.array
  File "pyarrow/array.pxi", line 91, in pyarrow.lib._ndarray_to_array
  File "pyarrow/error.pxi", line 92, in pyarrow.lib.check_status
pyarrow.lib.ArrowInvalid: ("Could not convert '2026-08-23 19:33:10' with type str: tried to convert to int64", 'Conversion failed for column timestamp with type object')
  Stopping...
